  Determining projects to restore...
  All projects are up-to-date for restore.
  
  Bundler: Begin processing bundleconfig.json
  Bundler: Done processing bundleconfig.json
C:\Program Files\dotnet\sdk\8.0.419\Microsoft.Common.CurrentVersion.targets(5321,5): warning MSB3026: Could not copy "D:\Current\Signal-Trackers\obj\Debug\net8.0\apphost.exe" to "bin\Debug\net8.0\SignalTracker.exe". Beginning retry 1 in 1000ms. The process cannot access the file 'D:\Current\Signal-Trackers\bin\Debug\net8.0\SignalTracker.exe' because it is being used by another process. The file is locked by: "  (18108)" [D:\Current\Signal-Trackers\SignalTracker.csproj]
C:\Program Files\dotnet\sdk\8.0.419\Microsoft.Common.CurrentVersion.targets(5321,5): warning MSB3026: Could not copy "D:\Current\Signal-Trackers\obj\Debug\net8.0\apphost.exe" to "bin\Debug\net8.0\SignalTracker.exe". Beginning retry 2 in 1000ms. The process cannot access the file 'D:\Current\Signal-Trackers\bin\Debug\net8.0\SignalTracker.exe' because it is being used by another process. The file is locked by: "  (18108)" [D:\Current\Signal-Trackers\SignalTracker.csproj]
C:\Program Files\dotnet\sdk\8.0.419\Microsoft.Common.CurrentVersion.targets(5321,5): warning MSB3026: Could not copy "D:\Current\Signal-Trackers\obj\Debug\net8.0\apphost.exe" to "bin\Debug\net8.0\SignalTracker.exe". Beginning retry 3 in 1000ms. The process cannot access the file 'D:\Current\Signal-Trackers\bin\Debug\net8.0\SignalTracker.exe' because it is being used by another process. The file is locked by: "  (18108)" [D:\Current\Signal-Trackers\SignalTracker.csproj]
C:\Program Files\dotnet\sdk\8.0.419\Microsoft.Common.CurrentVersion.targets(5321,5): warning MSB3026: Could not copy "D:\Current\Signal-Trackers\obj\Debug\net8.0\apphost.exe" to "bin\Debug\net8.0\SignalTracker.exe". Beginning retry 4 in 1000ms. The process cannot access the file 'D:\Current\Signal-Trackers\bin\Debug\net8.0\SignalTracker.exe' because it is being used by another process. The file is locked by: "  (18108)" [D:\Current\Signal-Trackers\SignalTracker.csproj]
C:\Program Files\dotnet\sdk\8.0.419\Microsoft.Common.CurrentVersion.targets(5321,5): warning MSB3026: Could not copy "D:\Current\Signal-Trackers\obj\Debug\net8.0\apphost.exe" to "bin\Debug\net8.0\SignalTracker.exe". Beginning retry 5 in 1000ms. The process cannot access the file 'D:\Current\Signal-Trackers\bin\Debug\net8.0\SignalTracker.exe' because it is being used by another process. The file is locked by: "  (18108)" [D:\Current\Signal-Trackers\SignalTracker.csproj]
C:\Program Files\dotnet\sdk\8.0.419\Microsoft.Common.CurrentVersion.targets(5321,5): warning MSB3026: Could not copy "D:\Current\Signal-Trackers\obj\Debug\net8.0\apphost.exe" to "bin\Debug\net8.0\SignalTracker.exe". Beginning retry 6 in 1000ms. The process cannot access the file 'D:\Current\Signal-Trackers\bin\Debug\net8.0\SignalTracker.exe' because it is being used by another process. The file is locked by: "  (18108)" [D:\Current\Signal-Trackers\SignalTracker.csproj]
C:\Program Files\dotnet\sdk\8.0.419\Microsoft.Common.CurrentVersion.targets(5321,5): warning MSB3026: Could not copy "D:\Current\Signal-Trackers\obj\Debug\net8.0\apphost.exe" to "bin\Debug\net8.0\SignalTracker.exe". Beginning retry 7 in 1000ms. The process cannot access the file 'D:\Current\Signal-Trackers\bin\Debug\net8.0\SignalTracker.exe' because it is being used by another process. The file is locked by: "  (18108)" [D:\Current\Signal-Trackers\SignalTracker.csproj]
C:\Program Files\dotnet\sdk\8.0.419\Microsoft.Common.CurrentVersion.targets(5321,5): warning MSB3026: Could not copy "D:\Current\Signal-Trackers\obj\Debug\net8.0\apphost.exe" to "bin\Debug\net8.0\SignalTracker.exe". Beginning retry 8 in 1000ms. The process cannot access the file 'D:\Current\Signal-Trackers\bin\Debug\net8.0\SignalTracker.exe' because it is being used by another process. The file is locked by: "  (18108)" [D:\Current\Signal-Trackers\SignalTracker.csproj]
C:\Program Files\dotnet\sdk\8.0.419\Microsoft.Common.CurrentVersion.targets(5321,5): warning MSB3026: Could not copy "D:\Current\Signal-Trackers\obj\Debug\net8.0\apphost.exe" to "bin\Debug\net8.0\SignalTracker.exe". Beginning retry 9 in 1000ms. The process cannot access the file 'D:\Current\Signal-Trackers\bin\Debug\net8.0\SignalTracker.exe' because it is being used by another process. The file is locked by: "  (18108)" [D:\Current\Signal-Trackers\SignalTracker.csproj]
C:\Program Files\dotnet\sdk\8.0.419\Microsoft.Common.CurrentVersion.targets(5321,5): warning MSB3026: Could not copy "D:\Current\Signal-Trackers\obj\Debug\net8.0\apphost.exe" to "bin\Debug\net8.0\SignalTracker.exe". Beginning retry 10 in 1000ms. The process cannot access the file 'D:\Current\Signal-Trackers\bin\Debug\net8.0\SignalTracker.exe' because it is being used by another process. The file is locked by: "  (18108)" [D:\Current\Signal-Trackers\SignalTracker.csproj]
C:\Program Files\dotnet\sdk\8.0.419\Microsoft.Common.CurrentVersion.targets(5321,5): error MSB3027: Could not copy "D:\Current\Signal-Trackers\obj\Debug\net8.0\apphost.exe" to "bin\Debug\net8.0\SignalTracker.exe". Exceeded retry count of 10. Failed. The file is locked by: "  (18108)" [D:\Current\Signal-Trackers\SignalTracker.csproj]
C:\Program Files\dotnet\sdk\8.0.419\Microsoft.Common.CurrentVersion.targets(5321,5): error MSB3021: Unable to copy file "D:\Current\Signal-Trackers\obj\Debug\net8.0\apphost.exe" to "bin\Debug\net8.0\SignalTracker.exe". The process cannot access the file 'D:\Current\Signal-Trackers\bin\Debug\net8.0\SignalTracker.exe' because it is being used by another process. [D:\Current\Signal-Trackers\SignalTracker.csproj]

Build FAILED.

C:\Program Files\dotnet\sdk\8.0.419\Microsoft.Common.CurrentVersion.targets(5321,5): warning MSB3026: Could not copy "D:\Current\Signal-Trackers\obj\Debug\net8.0\apphost.exe" to "bin\Debug\net8.0\SignalTracker.exe". Beginning retry 1 in 1000ms. The process cannot access the file 'D:\Current\Signal-Trackers\bin\Debug\net8.0\SignalTracker.exe' because it is being used by another process. The file is locked by: "  (18108)" [D:\Current\Signal-Trackers\SignalTracker.csproj]
C:\Program Files\dotnet\sdk\8.0.419\Microsoft.Common.CurrentVersion.targets(5321,5): warning MSB3026: Could not copy "D:\Current\Signal-Trackers\obj\Debug\net8.0\apphost.exe" to "bin\Debug\net8.0\SignalTracker.exe". Beginning retry 2 in 1000ms. The process cannot access the file 'D:\Current\Signal-Trackers\bin\Debug\net8.0\SignalTracker.exe' because it is being used by another process. The file is locked by: "  (18108)" [D:\Current\Signal-Trackers\SignalTracker.csproj]
C:\Program Files\dotnet\sdk\8.0.419\Microsoft.Common.CurrentVersion.targets(5321,5): warning MSB3026: Could not copy "D:\Current\Signal-Trackers\obj\Debug\net8.0\apphost.exe" to "bin\Debug\net8.0\SignalTracker.exe". Beginning retry 3 in 1000ms. The process cannot access the file 'D:\Current\Signal-Trackers\bin\Debug\net8.0\SignalTracker.exe' because it is being used by another process. The file is locked by: "  (18108)" [D:\Current\Signal-Trackers\SignalTracker.csproj]
C:\Program Files\dotnet\sdk\8.0.419\Microsoft.Common.CurrentVersion.targets(5321,5): warning MSB3026: Could not copy "D:\Current\Signal-Trackers\obj\Debug\net8.0\apphost.exe" to "bin\Debug\net8.0\SignalTracker.exe". Beginning retry 4 in 1000ms. The process cannot access the file 'D:\Current\Signal-Trackers\bin\Debug\net8.0\SignalTracker.exe' because it is being used by another process. The file is locked by: "  (18108)" [D:\Current\Signal-Trackers\SignalTracker.csproj]
C:\Program Files\dotnet\sdk\8.0.419\Microsoft.Common.CurrentVersion.targets(5321,5): warning MSB3026: Could not copy "D:\Current\Signal-Trackers\obj\Debug\net8.0\apphost.exe" to "bin\Debug\net8.0\SignalTracker.exe". Beginning retry 5 in 1000ms. The process cannot access the file 'D:\Current\Signal-Trackers\bin\Debug\net8.0\SignalTracker.exe' because it is being used by another process. The file is locked by: "  (18108)" [D:\Current\Signal-Trackers\SignalTracker.csproj]
C:\Program Files\dotnet\sdk\8.0.419\Microsoft.Common.CurrentVersion.targets(5321,5): warning MSB3026: Could not copy "D:\Current\Signal-Trackers\obj\Debug\net8.0\apphost.exe" to "bin\Debug\net8.0\SignalTracker.exe". Beginning retry 6 in 1000ms. The process cannot access the file 'D:\Current\Signal-Trackers\bin\Debug\net8.0\SignalTracker.exe' because it is being used by another process. The file is locked by: "  (18108)" [D:\Current\Signal-Trackers\SignalTracker.csproj]
C:\Program Files\dotnet\sdk\8.0.419\Microsoft.Common.CurrentVersion.targets(5321,5): warning MSB3026: Could not copy "D:\Current\Signal-Trackers\obj\Debug\net8.0\apphost.exe" to "bin\Debug\net8.0\SignalTracker.exe". Beginning retry 7 in 1000ms. The process cannot access the file 'D:\Current\Signal-Trackers\bin\Debug\net8.0\SignalTracker.exe' because it is being used by another process. The file is locked by: "  (18108)" [D:\Current\Signal-Trackers\SignalTracker.csproj]
C:\Program Files\dotnet\sdk\8.0.419\Microsoft.Common.CurrentVersion.targets(5321,5): warning MSB3026: Could not copy "D:\Current\Signal-Trackers\obj\Debug\net8.0\apphost.exe" to "bin\Debug\net8.0\SignalTracker.exe". Beginning retry 8 in 1000ms. The process cannot access the file 'D:\Current\Signal-Trackers\bin\Debug\net8.0\SignalTracker.exe' because it is being used by another process. The file is locked by: "  (18108)" [D:\Current\Signal-Trackers\SignalTracker.csproj]
C:\Program Files\dotnet\sdk\8.0.419\Microsoft.Common.CurrentVersion.targets(5321,5): warning MSB3026: Could not copy "D:\Current\Signal-Trackers\obj\Debug\net8.0\apphost.exe" to "bin\Debug\net8.0\SignalTracker.exe". Beginning retry 9 in 1000ms. The process cannot access the file 'D:\Current\Signal-Trackers\bin\Debug\net8.0\SignalTracker.exe' because it is being used by another process. The file is locked by: "  (18108)" [D:\Current\Signal-Trackers\SignalTracker.csproj]
C:\Program Files\dotnet\sdk\8.0.419\Microsoft.Common.CurrentVersion.targets(5321,5): warning MSB3026: Could not copy "D:\Current\Signal-Trackers\obj\Debug\net8.0\apphost.exe" to "bin\Debug\net8.0\SignalTracker.exe". Beginning retry 10 in 1000ms. The process cannot access the file 'D:\Current\Signal-Trackers\bin\Debug\net8.0\SignalTracker.exe' because it is being used by another process. The file is locked by: "  (18108)" [D:\Current\Signal-Trackers\SignalTracker.csproj]
C:\Program Files\dotnet\sdk\8.0.419\Microsoft.Common.CurrentVersion.targets(5321,5): error MSB3027: Could not copy "D:\Current\Signal-Trackers\obj\Debug\net8.0\apphost.exe" to "bin\Debug\net8.0\SignalTracker.exe". Exceeded retry count of 10. Failed. The file is locked by: "  (18108)" [D:\Current\Signal-Trackers\SignalTracker.csproj]
C:\Program Files\dotnet\sdk\8.0.419\Microsoft.Common.CurrentVersion.targets(5321,5): error MSB3021: Unable to copy file "D:\Current\Signal-Trackers\obj\Debug\net8.0\apphost.exe" to "bin\Debug\net8.0\SignalTracker.exe". The process cannot access the file 'D:\Current\Signal-Trackers\bin\Debug\net8.0\SignalTracker.exe' because it is being used by another process. [D:\Current\Signal-Trackers\SignalTracker.csproj]
    10 Warning(s)
    2 Error(s)

Time Elapsed 00:00:15.76
