C:\Program Files\dotnet\sdk\8.0.416\Microsoft.Common.CurrentVersion.targets(5321,5): error MSB3027: Could not copy "C:\SignalTracker\SignalTrackers (4)h\SignalTrackers\obj\Debug\net8.0\apphost.exe" to "bin\Debug\net8.0\SignalTracker.exe". Exceeded retry count of 10. Failed. The file is locked by: "  (5384)" [C:\SignalTracker\SignalTrackers (4)h\SignalTrackers\SignalTracker.csproj]
C:\Program Files\dotnet\sdk\8.0.416\Microsoft.Common.CurrentVersion.targets(5321,5): error MSB3021: Unable to copy file "C:\SignalTracker\SignalTrackers (4)h\SignalTrackers\obj\Debug\net8.0\apphost.exe" to "bin\Debug\net8.0\SignalTracker.exe". The process cannot access the file 'C:\SignalTracker\SignalTrackers (4)h\SignalTrackers\bin\Debug\net8.0\SignalTracker.exe' because it is being used by another process. [C:\SignalTracker\SignalTrackers (4)h\SignalTrackers\SignalTracker.csproj]

Build FAILED.
    10 Warning(s)
    2 Error(s)

Time Elapsed 00:00:12.92
